// Jest Snapshot v1, https://goo.gl/fbAQLP

exports[`Component: GalleryLink Renders without exploding 1`] = `
<a
  class="jsx-1424217103 gallery-btn"
>
  Visit Gallery
</a>
`;
