// Jest Snapshot v1, https://goo.gl/fbAQLP

exports[`Component: Main Renders without exploding 1`] = `
<main
  class="jsx-3311478223"
/>
`;
