// Jest Snapshot v1, https://goo.gl/fbAQLP

exports[`Component: P Renders without exploding 1`] = `
<p
  class="jsx-3204703105 "
/>
`;

exports[`Component: P Renders without exploding as .services 1`] = `
<p
  class="jsx-3204703105 services"
/>
`;
