// Jest Snapshot v1, https://goo.gl/fbAQLP

exports[`Component: Plug Renders without exploding 1`] = `
<div
  class="jsx-3428991023"
>
  <p
    class="jsx-3428991023"
  >
    Contact me if you want to relive those precious moments for years to come!
  </p>
</div>
`;
