// Jest Snapshot v1, https://goo.gl/fbAQLP

exports[`Component: Wrapper Renders without exploding 1`] = `
<div
  class="jsx-3955059306 wrapper"
/>
`;
