// Jest Snapshot v1, https://goo.gl/fbAQLP

exports[`Pages: HomePage should render markup 1`] = `
.c0 {
  color: lightcoral;
}

<IndexPage>
  <div>
    <Title
      text="Refactor Engage!"
    >
      <StyledTitle
        color="lightcoral"
      >
        <h1
          className="c0"
          color="lightcoral"
        >
          Refactor Engage!
        </h1>
      </StyledTitle>
    </Title>
  </div>
</IndexPage>
`;
