// Jest Snapshot v1, https://goo.gl/fbAQLP

exports[`Styled Component: <Photo /> should render markup 1`] = `
.c0 {
  border: none;
  box-shadow: 2px 2px 10px 1px rgba(0,0,0,1);
  height: 240px;
  width: 240px;
}

@media (min-width:540px) {
  .c0 {
    width: 400px;
  }
}

@media (min-width:736px) {
  .c0 {
    width: 300px;
  }
}

<ThemeProvider
  theme={
    Object {
      "sizes": Object {
        "lg": "1200px",
        "md": "736px",
        "sm": "540px",
      },
    }
  }
>
  <Photo
    sizes={Object {}}
  >
    <UnstyledPhoto
      className="c0"
      sizes={Object {}}
    >
      <Image
        Tag="div"
        alt=""
        className="c0"
        fadeIn={true}
        sizes={Object {}}
      >
        <div
          className=" gatsby-image-outer-wrapper"
          style={
            Object {
              "position": "relative",
            }
          }
        >
          <div
            className="c0 gatsby-image-wrapper"
            style={
              Object {
                "overflow": "hidden",
                "position": "relative",
              }
            }
          >
            <div
              style={
                Object {
                  "paddingBottom": "NaN%",
                  "width": "100%",
                }
              }
            />
            <Img
              alt=""
              onLoad={[Function]}
              style={
                Object {
                  "opacity": 1,
                }
              }
            >
              <img
                alt=""
                onLoad={[Function]}
                style={
                  Object {
                    "height": "100%",
                    "left": 0,
                    "objectFit": "cover",
                    "objectPosition": "center",
                    "opacity": 1,
                    "position": "absolute",
                    "top": 0,
                    "transition": "opacity 0.5s",
                    "width": "100%",
                  }
                }
              />
            </Img>
            <noscript
              dangerouslySetInnerHTML={
                Object {
                  "__html": "<img width=\\"\\" height=\\"\\" src=\\"undefined\\" srcset=\\"undefined\\" alt=\\"\\" title=\\"\\" sizes=\\"\\" style=\\"position:absolute;top:0;left:0;transition:opacity 0.5s;transition-delay:0.5s;opacity:1;width:100%;height:100%;object-fit:cover;object-position:center\\"/>",
                }
              }
            />
          </div>
        </div>
      </Image>
    </UnstyledPhoto>
  </Photo>
</ThemeProvider>
`;
