// Jest Snapshot v1, https://goo.gl/fbAQLP

exports[`Index Page snapshot 1`] = `
<h1>
  Hello World!
</h1>
`;
