// Jest Snapshot v1, https://goo.gl/fbAQLP

exports[`Styled Component: <Menu /> should render markup 1`] = `
.c0 {
  background-color: #333;
  box-shadow: 0px 2px 5px 2px rgba(0,0,0,0.3);
  height: 60px;
  -webkit-transition: height 0.3s ease-in-out 0.05s;
  transition: height 0.3s ease-in-out 0.05s;
  width: 100vw;
}

<ThemeProvider
  theme={
    Object {
      "sizes": Object {
        "lg": "1000px",
        "md": "736px",
        "sm": "540px",
      },
    }
  }
>
  <Menu>
    <nav
      className="c0"
    />
  </Menu>
</ThemeProvider>
`;
